#-----------------------------------------------------------
# Vivado v2021.2 (64-bit)
# SW Build 3367213 on Tue Oct 19 02:48:09 MDT 2021
# IP Build 3369179 on Thu Oct 21 08:25:16 MDT 2021
# Start of session at: Sun Dec  4 14:32:26 2022
# Process ID: 14200
# Current directory: Z:/Uni/ICRAR_Internship/Phasemeter/axis_Phasemeter_V4/phasemeter_V4_sims
# Command line: vivado.exe -gui_launcher_event rodinguilauncherevent15032 Z:\Uni\ICRAR_Internship\Phasemeter\axis_Phasemeter_V4\phasemeter_V4_sims\phasemeter_V4_sism.xpr
# Log file: Z:/Uni/ICRAR_Internship/Phasemeter/axis_Phasemeter_V4/phasemeter_V4_sims/vivado.log
# Journal file: Z:/Uni/ICRAR_Internship/Phasemeter/axis_Phasemeter_V4/phasemeter_V4_sims\vivado.jou
# Running On: DESKTOP-4464SGN, OS: Windows, CPU Frequency: 3593 MHz, CPU Physical cores: 12, Host memory: 17129 MB
#-----------------------------------------------------------
start_gui
open_project Z:/Uni/ICRAR_Internship/Phasemeter/axis_Phasemeter_V4/phasemeter_V4_sims/phasemeter_V4_sism.xpr
update_compile_order -fileset sources_1
update_compile_order -fileset sim_1
launch_simulation
open_wave_config Z:/Uni/ICRAR_Internship/Phasemeter/axis_NCO_V4/NCO_V4_Sims/NCO_V4_TB_behav.wcfg
source CIC_FREQS_TB.tcl
close_sim
launch_simulation
open_wave_config Z:/Uni/ICRAR_Internship/Phasemeter/axis_NCO_V4/NCO_V4_Sims/NCO_V4_TB_behav.wcfg
source CIC_FREQS_TB.tcl
run all
