#-----------------------------------------------------------
# Vivado v2021.2 (64-bit)
# SW Build 3367213 on Tue Oct 19 02:48:09 MDT 2021
# IP Build 3369179 on Thu Oct 21 08:25:16 MDT 2021
# Start of session at: Sun Nov 27 12:00:50 2022
# Process ID: 2756
# Current directory: Z:/Uni/ICRAR_Internship/Phasemeter/axis_NCO_V4/NCO_V4_Project/tmp/project/project.runs/system_axis_red_pitaya_dac_0_0_synth_1
# Command line: vivado.exe -log system_axis_red_pitaya_dac_0_0.vds -product Vivado -mode batch -messageDb vivado.pb -notrace -source system_axis_red_pitaya_dac_0_0.tcl
# Log file: Z:/Uni/ICRAR_Internship/Phasemeter/axis_NCO_V4/NCO_V4_Project/tmp/project/project.runs/system_axis_red_pitaya_dac_0_0_synth_1/system_axis_red_pitaya_dac_0_0.vds
# Journal file: Z:/Uni/ICRAR_Internship/Phasemeter/axis_NCO_V4/NCO_V4_Project/tmp/project/project.runs/system_axis_red_pitaya_dac_0_0_synth_1\vivado.jou
# Running On: DESKTOP-4464SGN, OS: Windows, CPU Frequency: 3593 MHz, CPU Physical cores: 12, Host memory: 17129 MB
#-----------------------------------------------------------
source system_axis_red_pitaya_dac_0_0.tcl -notrace
